// Jest Snapshot v1, https://goo.gl/fbAQLP

exports[`should keep the same snapshot 1`] = `
<DocumentFragment>
  <div>
    <h1>
      fetching data...
    </h1>
  </div>
</DocumentFragment>
`;
